// Jest Snapshot v1, https://goo.gl/fbAQLP

exports[`Contact Component Snapshot Matching 1`] = `
Array [
  <ForwardRef(ImageList)
    cols={3}
    gap={8}
    sx={
      Object {
        "height": 450,
        "width": 500,
      }
    }
    variant="woven"
  >
    <ForwardRef(ImageListItem)>
      <img
        alt="Summer"
        loading="lazy"
        src="https://images.unsplash.com/photo-1549388604-817d15aa0110?w=161&fit=crop&auto=format"
        srcSet="https://images.unsplash.com/photo-1549388604-817d15aa0110?w=161&fit=crop&auto=format&dpr=2 2x"
      />
    </ForwardRef(ImageListItem)>
    <ForwardRef(ImageListItem)>
      <img
        alt="Winter"
        loading="lazy"
        src="https://images.unsplash.com/photo-1563298723-dcfebaa392e3?w=161&fit=crop&auto=format"
        srcSet="https://images.unsplash.com/photo-1563298723-dcfebaa392e3?w=161&fit=crop&auto=format&dpr=2 2x"
      />
    </ForwardRef(ImageListItem)>
    <ForwardRef(ImageListItem)>
      <img
        alt="Autumn"
        loading="lazy"
        src="https://images.unsplash.com/photo-1523413651479-597eb2da0ad6?w=161&fit=crop&auto=format"
        srcSet="https://images.unsplash.com/photo-1523413651479-597eb2da0ad6?w=161&fit=crop&auto=format&dpr=2 2x"
      />
    </ForwardRef(ImageListItem)>
    <ForwardRef(ImageListItem)>
      <img
        alt="Spring"
        loading="lazy"
        src="https://images.unsplash.com/photo-1525097487452-6278ff080c31?w=161&fit=crop&auto=format"
        srcSet="https://images.unsplash.com/photo-1525097487452-6278ff080c31?w=161&fit=crop&auto=format&dpr=2 2x"
      />
    </ForwardRef(ImageListItem)>
  </ForwardRef(ImageList)>,
]
`;
